#-----------------------------------------------------------
# Vivado v2019.2 (64-bit)
# SW Build 2708876 on Wed Nov  6 21:40:23 MST 2019
# IP Build 2700528 on Thu Nov  7 00:09:20 MST 2019
# Start of session at: Mon Dec  2 23:14:39 2024
# Process ID: 39336
# Current directory: C:/Users/Bamboo/Desktop/vivado1/MyCpu/RegisterFile
# Command line: vivado.exe -gui_launcher_event rodinguilauncherevent12592 C:\Users\Bamboo\Desktop\vivado1\MyCpu\RegisterFile\RegisterFile.xpr
# Log file: C:/Users/Bamboo/Desktop/vivado1/MyCpu/RegisterFile/vivado.log
# Journal file: C:/Users/Bamboo/Desktop/vivado1/MyCpu/RegisterFile\vivado.jou
#-----------------------------------------------------------
start_gui
open_project C:/Users/Bamboo/Desktop/vivado1/MyCpu/RegisterFile/RegisterFile.xpr
update_compile_order -fileset sources_1
launch_simulation
source RegFile_sim.tcl
current_wave_config {Untitled 1}
add_wave {{/RegFile_sim/uut/register}} 
relaunch_sim
save_wave_config {C:/Users/Bamboo/Desktop/vivado1/MyCpu/RegisterFile/RegFile_sim_behav.wcfg}
add_files -fileset sim_1 -norecurse C:/Users/Bamboo/Desktop/vivado1/MyCpu/RegisterFile/RegFile_sim_behav.wcfg
set_property xsim.view C:/Users/Bamboo/Desktop/vivado1/MyCpu/RegisterFile/RegFile_sim_behav.wcfg [get_filesets sim_1]
close_sim
