#-----------------------------------------------------------
# Vivado v2019.2 (64-bit)
# SW Build 2708876 on Wed Nov  6 21:40:23 MST 2019
# IP Build 2700528 on Thu Nov  7 00:09:20 MST 2019
# Start of session at: Thu Dec 26 16:42:35 2024
# Process ID: 8244
# Current directory: C:/Users/Bamboo/Desktop/vivado1/MyCpu1/MultiCycleCPU - 副本
# Command line: vivado.exe -gui_launcher_event rodinguilauncherevent21320 C:\Users\Bamboo\Desktop\vivado1\MyCpu1\MultiCycleCPU - 副本\MultiCycleCPU.xpr
# Log file: C:/Users/Bamboo/Desktop/vivado1/MyCpu1/MultiCycleCPU - 副本/vivado.log
# Journal file: C:/Users/Bamboo/Desktop/vivado1/MyCpu1/MultiCycleCPU - 副本\vivado.jou
#-----------------------------------------------------------
start_gui
open_project {C:/Users/Bamboo/Desktop/vivado1/MyCpu1/MultiCycleCPU - 副本/MultiCycleCPU.xpr}
update_compile_order -fileset sources_1
launch_simulation
open_wave_config {C:/Users/Bamboo/Desktop/vivado1/MyCpu1/MultiCycleCPU - 副本/multiCycleCPU_sim_behav.wcfg}
source multiCycleCPU_sim.tcl
run 10 us
current_wave_config {multiCycleCPU_sim_behav.wcfg}
add_wave {{/multiCycleCPU_sim/uut/CU/state}} 
relaunch_sim
relaunch_sim
relaunch_sim
relaunch_sim
relaunch_sim
relaunch_sim
relaunch_sim
relaunch_sim
save_wave_config {C:/Users/Bamboo/Desktop/vivado1/MyCpu1/MultiCycleCPU - 副本/multiCycleCPU_sim_behav.wcfg}
close_sim
